// Jest Snapshot v1, https://goo.gl/fbAQLP

exports[`Page renders correctly 1`] = `
<div>
  <h1>
    some title
  </h1>
  <p
    dangerouslySetInnerHTML={
      Object {
        "__html": "content",
      }
    }
  />
</div>
`;
